     1 00000000                                 ; naskfunc
     2 00000000                                 ;TAB=4
     3 00000000                                 
     4 00000000                                 [FORMAT "WCOFF"]			; 制作目标文件的模式
     5 00000000                                 [INSTRSET "i486p"]			; 声明使用486系列
     6 00000000                                 [BITS	32] 					; 制作32位模式用的机器语言
     7 00000000                                 [FILE "naskfunc.nas"]			; 源文件名信息
     8 00000000                                 		GLOBAL	_io_hlt,_write_mem8		; 程序中包含的函数名
     9 00000000                                 
    10                                          [SECTION	.text]			; 目标文件中写了这些之后再写程序
    11 00000000                                 
    12 00000000                                 _io_hlt:	; void io_hlt(void);
    13 00000000 F4                              		HLT
    14 00000001 C3                              		RET
    15 00000002                                 _write_mem8:	; void write_mem8(int addr, int data);
    16 00000002 8B 4C 24 04                     		MOV 	ECX,[ESP+4] 	; [ESP+4]中存放地址，将其读入ECX
    17 00000006 8A 44 24 08                     		MOV 	AL,[ESP+8]	; [ESP+8]中存放数据，将其读入AL
    18 0000000A 88 01                           		MOV 	[ECX],AL	; 讲数据写入内存地址
    19 0000000C C3                              		RET
    20 0000000D                                 
    21 0000000D                                 		
